------------ -------------
Identifier   Revisit Type
------------ -------------
func1        Parameter Check
add          Parameter Check
print        Parameter Check
func2        Parameter Check
