------------ -------------
Identifier   Revisit Type
------------ -------------
operation    Parameter Check
print        Parameter Check
