------------------------ ------------ ------------------
Name                     Type         Line Number       
------------------------ ------------ ------------------
val                     REAL             0  2      4      5      
print                   UNDEF            0  6      7      
i                       INT              0  1      3      3      3      4      
res                     REAL             0  2      4      5      6      
operation               UNDEF            0  4      
