------------ -------------- ------ --------------------------- ------------ 
Name         Type           Scope  Parent Declared in          Line Numbers 
------------ -------------- ------ --------------------------- ------------ 
r            CHAR  (null)   1   16             17     
u            BOOLEAN   1   16             19     
z            INT   0        1   16             18     
------------ -------------- ------- ------ ------------
Name         Type            Value   Scope  Line Numbers
------------ -------------- ------- ------ ------------
print        func ret VOID     0   3      
i            INT   0        0   2      
j            INT   0        0   4      22     23     
z            INT   2        0   6      
raghad       INT   0        0   5      
dd           STRING(null)   0   13     14     
lll          BOOLEAN   0   12     15     
