------------------------ ------------ ------------------
Name                     Type         Line Number       
------------------------ ------------ ------------------
func1                   UNDEF            0  14     
val                     REAL             0  4      14     15     21     22     28     
print                   UNDEF            0  16     17     23     24     29     34     35     39     48     
c                       CHAR             0  3      36     
i                       INT              0  2      8      8      8      9      12     13     13     15     21     28     33     34     37     
p                       REAL             0  5      7      15     21     25     25     
add                     UNDEF            0  15     21     
func2                   UNDEF            0  36     
res                     REAL             0  4      7      16     22     23     
