------------------------ ------------ ------------------
Name                     Type         Line Number       
------------------------ ------------ ------------------
val                     REAL             0  2      3      4      
i                       INT              0  1      
res                     REAL             0  2      4      
